MODULE STARTED: 2025-11-02 16:36:03
2025-11-02 16:36:03,613 INFO: TradingBotGUI initialized
MODULE STARTED: 2025-11-02 16:45:30

--- BEGIN MERGED FROM _MEI123642 ---
2025-11-02 16:22:35,572 INFO: PipelineThread starting for: C:\Users\cho\AppData\Local\Temp\_MEI123642\run_auto_pipeline.py

--- END MERGED FROM _MEI123642 ---

--- BEGIN MERGED FROM _MEI_FAKE123 ---
LINE_FROM_MEI

--- END MERGED FROM _MEI_FAKE123 ---
MODULE STARTED: 2025-11-02 16:46:49

--- BEGIN MERGED FROM _MEI123642 ---
2025-11-02 16:22:35,572 INFO: PipelineThread starting for: C:\Users\cho\AppData\Local\Temp\_MEI123642\run_auto_pipeline.py

--- END MERGED FROM _MEI123642 ---
2025-11-02 16:46:49,381 INFO: TradingBotGUI initialized
MODULE STARTED: 2025-11-02 17:25:36

--- BEGIN MERGED FROM _MEI123642 ---
2025-11-02 16:22:35,572 INFO: PipelineThread starting for: C:\Users\cho\AppData\Local\Temp\_MEI123642\run_auto_pipeline.py

--- END MERGED FROM _MEI123642 ---

--- BEGIN MERGED FROM _MEI123642 ---
2025-11-02 16:22:35,572 INFO: PipelineThread starting for: C:\Users\cho\AppData\Local\Temp\_MEI123642\run_auto_pipeline.py

--- END MERGED FROM _MEI123642 ---
MODULE STARTED: 2025-11-02 17:25:56

--- BEGIN MERGED FROM _MEI123642 ---
2025-11-02 16:22:35,572 INFO: PipelineThread starting for: C:\Users\cho\AppData\Local\Temp\_MEI123642\run_auto_pipeline.py

--- END MERGED FROM _MEI123642 ---

--- BEGIN MERGED FROM _MEI123642 ---
2025-11-02 16:22:35,572 INFO: PipelineThread starting for: C:\Users\cho\AppData\Local\Temp\_MEI123642\run_auto_pipeline.py

--- END MERGED FROM _MEI123642 ---
2025-11-02 17:29:43,545 INFO: PipelineThread starting for: C:\Users\cho\AppData\Local\Temp\_MEI27562\run_auto_pipeline.py
MODULE STARTED: 2025-11-03 13:24:00

--- BEGIN MERGED FROM _MEI123642 ---
2025-11-02 16:22:35,572 INFO: PipelineThread starting for: C:\Users\cho\AppData\Local\Temp\_MEI123642\run_auto_pipeline.py

--- END MERGED FROM _MEI123642 ---

--- BEGIN MERGED FROM _MEI123642 ---
2025-11-02 16:22:35,572 INFO: PipelineThread starting for: C:\Users\cho\AppData\Local\Temp\_MEI123642\run_auto_pipeline.py

--- END MERGED FROM _MEI123642 ---
MODULE STARTED: 2025-11-03 13:25:53

--- BEGIN MERGED FROM _MEI123642 ---
2025-11-02 16:22:35,572 INFO: PipelineThread starting for: C:\Users\cho\AppData\Local\Temp\_MEI123642\run_auto_pipeline.py

--- END MERGED FROM _MEI123642 ---

--- BEGIN MERGED FROM _MEI123642 ---
2025-11-02 16:22:35,572 INFO: PipelineThread starting for: C:\Users\cho\AppData\Local\Temp\_MEI123642\run_auto_pipeline.py

--- END MERGED FROM _MEI123642 ---
MODULE STARTED: 2025-11-03 13:26:14

--- BEGIN MERGED FROM _MEI123642 ---
2025-11-02 16:22:35,572 INFO: PipelineThread starting for: C:\Users\cho\AppData\Local\Temp\_MEI123642\run_auto_pipeline.py

--- END MERGED FROM _MEI123642 ---

--- BEGIN MERGED FROM _MEI123642 ---
2025-11-02 16:22:35,572 INFO: PipelineThread starting for: C:\Users\cho\AppData\Local\Temp\_MEI123642\run_auto_pipeline.py

--- END MERGED FROM _MEI123642 ---
MODULE STARTED: 2025-11-03 13:28:05

--- BEGIN MERGED FROM _MEI123642 ---
2025-11-02 16:22:35,572 INFO: PipelineThread starting for: C:\Users\cho\AppData\Local\Temp\_MEI123642\run_auto_pipeline.py

--- END MERGED FROM _MEI123642 ---

--- BEGIN MERGED FROM _MEI123642 ---
2025-11-02 16:22:35,572 INFO: PipelineThread starting for: C:\Users\cho\AppData\Local\Temp\_MEI123642\run_auto_pipeline.py

--- END MERGED FROM _MEI123642 ---
MODULE STARTED: 2025-11-03 13:31:43

--- BEGIN MERGED FROM _MEI123642 ---
2025-11-02 16:22:35,572 INFO: PipelineThread starting for: C:\Users\cho\AppData\Local\Temp\_MEI123642\run_auto_pipeline.py

--- END MERGED FROM _MEI123642 ---

--- BEGIN MERGED FROM _MEI123642 ---
2025-11-02 16:22:35,572 INFO: PipelineThread starting for: C:\Users\cho\AppData\Local\Temp\_MEI123642\run_auto_pipeline.py

--- END MERGED FROM _MEI123642 ---
MODULE STARTED: 2025-11-03 13:32:18

--- BEGIN MERGED FROM _MEI123642 ---
2025-11-02 16:22:35,572 INFO: PipelineThread starting for: C:\Users\cho\AppData\Local\Temp\_MEI123642\run_auto_pipeline.py

--- END MERGED FROM _MEI123642 ---

--- BEGIN MERGED FROM _MEI123642 ---
2025-11-02 16:22:35,572 INFO: PipelineThread starting for: C:\Users\cho\AppData\Local\Temp\_MEI123642\run_auto_pipeline.py

--- END MERGED FROM _MEI123642 ---
MODULE STARTED: 2025-11-03 13:32:42

--- BEGIN MERGED FROM _MEI123642 ---
2025-11-02 16:22:35,572 INFO: PipelineThread starting for: C:\Users\cho\AppData\Local\Temp\_MEI123642\run_auto_pipeline.py

--- END MERGED FROM _MEI123642 ---

--- BEGIN MERGED FROM _MEI123642 ---
2025-11-02 16:22:35,572 INFO: PipelineThread starting for: C:\Users\cho\AppData\Local\Temp\_MEI123642\run_auto_pipeline.py

--- END MERGED FROM _MEI123642 ---
MODULE STARTED: 2025-11-06 15:36:32

--- BEGIN MERGED FROM _MEI123642 ---
2025-11-02 16:22:35,572 INFO: PipelineThread starting for: C:\Users\cho\AppData\Local\Temp\_MEI123642\run_auto_pipeline.py

--- END MERGED FROM _MEI123642 ---

--- BEGIN MERGED FROM _MEI123642 ---
2025-11-02 16:22:35,572 INFO: PipelineThread starting for: C:\Users\cho\AppData\Local\Temp\_MEI123642\run_auto_pipeline.py

--- END MERGED FROM _MEI123642 ---
MODULE STARTED: 2025-11-06 15:36:49

--- BEGIN MERGED FROM _MEI123642 ---
2025-11-02 16:22:35,572 INFO: PipelineThread starting for: C:\Users\cho\AppData\Local\Temp\_MEI123642\run_auto_pipeline.py

--- END MERGED FROM _MEI123642 ---

--- BEGIN MERGED FROM _MEI123642 ---
2025-11-02 16:22:35,572 INFO: PipelineThread starting for: C:\Users\cho\AppData\Local\Temp\_MEI123642\run_auto_pipeline.py

--- END MERGED FROM _MEI123642 ---
MODULE STARTED: 2025-11-06 15:38:26

--- BEGIN MERGED FROM _MEI123642 ---
2025-11-02 16:22:35,572 INFO: PipelineThread starting for: C:\Users\cho\AppData\Local\Temp\_MEI123642\run_auto_pipeline.py

--- END MERGED FROM _MEI123642 ---

--- BEGIN MERGED FROM _MEI123642 ---
2025-11-02 16:22:35,572 INFO: PipelineThread starting for: C:\Users\cho\AppData\Local\Temp\_MEI123642\run_auto_pipeline.py

--- END MERGED FROM _MEI123642 ---
MODULE STARTED: 2025-11-06 15:39:10

--- BEGIN MERGED FROM _MEI123642 ---
2025-11-02 16:22:35,572 INFO: PipelineThread starting for: C:\Users\cho\AppData\Local\Temp\_MEI123642\run_auto_pipeline.py

--- END MERGED FROM _MEI123642 ---

--- BEGIN MERGED FROM _MEI123642 ---
2025-11-02 16:22:35,572 INFO: PipelineThread starting for: C:\Users\cho\AppData\Local\Temp\_MEI123642\run_auto_pipeline.py

--- END MERGED FROM _MEI123642 ---
MODULE STARTED: 2025-11-06 15:40:21

--- BEGIN MERGED FROM _MEI123642 ---
2025-11-02 16:22:35,572 INFO: PipelineThread starting for: C:\Users\cho\AppData\Local\Temp\_MEI123642\run_auto_pipeline.py

--- END MERGED FROM _MEI123642 ---

--- BEGIN MERGED FROM _MEI123642 ---
2025-11-02 16:22:35,572 INFO: PipelineThread starting for: C:\Users\cho\AppData\Local\Temp\_MEI123642\run_auto_pipeline.py

--- END MERGED FROM _MEI123642 ---
MODULE STARTED: 2025-11-06 18:18:15

--- BEGIN MERGED FROM _MEI123642 ---
2025-11-02 16:22:35,572 INFO: PipelineThread starting for: C:\Users\cho\AppData\Local\Temp\_MEI123642\run_auto_pipeline.py

--- END MERGED FROM _MEI123642 ---

--- BEGIN MERGED FROM _MEI123642 ---
2025-11-02 16:22:35,572 INFO: PipelineThread starting for: C:\Users\cho\AppData\Local\Temp\_MEI123642\run_auto_pipeline.py

--- END MERGED FROM _MEI123642 ---
MODULE STARTED: 2025-11-06 18:20:27

--- BEGIN MERGED FROM _MEI123642 ---
2025-11-02 16:22:35,572 INFO: PipelineThread starting for: C:\Users\cho\AppData\Local\Temp\_MEI123642\run_auto_pipeline.py

--- END MERGED FROM _MEI123642 ---

--- BEGIN MERGED FROM _MEI123642 ---
2025-11-02 16:22:35,572 INFO: PipelineThread starting for: C:\Users\cho\AppData\Local\Temp\_MEI123642\run_auto_pipeline.py

--- END MERGED FROM _MEI123642 ---
MODULE STARTED: 2025-11-06 18:38:50

--- BEGIN MERGED FROM _MEI123642 ---
2025-11-02 16:22:35,572 INFO: PipelineThread starting for: C:\Users\cho\AppData\Local\Temp\_MEI123642\run_auto_pipeline.py

--- END MERGED FROM _MEI123642 ---

--- BEGIN MERGED FROM _MEI123642 ---
2025-11-02 16:22:35,572 INFO: PipelineThread starting for: C:\Users\cho\AppData\Local\Temp\_MEI123642\run_auto_pipeline.py

--- END MERGED FROM _MEI123642 ---
MODULE STARTED: 2025-11-06 18:39:12

--- BEGIN MERGED FROM _MEI123642 ---
2025-11-02 16:22:35,572 INFO: PipelineThread starting for: C:\Users\cho\AppData\Local\Temp\_MEI123642\run_auto_pipeline.py

--- END MERGED FROM _MEI123642 ---

--- BEGIN MERGED FROM _MEI123642 ---
2025-11-02 16:22:35,572 INFO: PipelineThread starting for: C:\Users\cho\AppData\Local\Temp\_MEI123642\run_auto_pipeline.py

--- END MERGED FROM _MEI123642 ---
MODULE STARTED: 2025-11-06 18:41:22

--- BEGIN MERGED FROM _MEI123642 ---
2025-11-02 16:22:35,572 INFO: PipelineThread starting for: C:\Users\cho\AppData\Local\Temp\_MEI123642\run_auto_pipeline.py

--- END MERGED FROM _MEI123642 ---

--- BEGIN MERGED FROM _MEI123642 ---
2025-11-02 16:22:35,572 INFO: PipelineThread starting for: C:\Users\cho\AppData\Local\Temp\_MEI123642\run_auto_pipeline.py

--- END MERGED FROM _MEI123642 ---
MODULE STARTED: 2025-11-06 18:41:43

--- BEGIN MERGED FROM _MEI123642 ---
2025-11-02 16:22:35,572 INFO: PipelineThread starting for: C:\Users\cho\AppData\Local\Temp\_MEI123642\run_auto_pipeline.py

--- END MERGED FROM _MEI123642 ---

--- BEGIN MERGED FROM _MEI123642 ---
2025-11-02 16:22:35,572 INFO: PipelineThread starting for: C:\Users\cho\AppData\Local\Temp\_MEI123642\run_auto_pipeline.py

--- END MERGED FROM _MEI123642 ---
MODULE STARTED: 2025-11-06 18:42:03

--- BEGIN MERGED FROM _MEI123642 ---
2025-11-02 16:22:35,572 INFO: PipelineThread starting for: C:\Users\cho\AppData\Local\Temp\_MEI123642\run_auto_pipeline.py

--- END MERGED FROM _MEI123642 ---

--- BEGIN MERGED FROM _MEI123642 ---
2025-11-02 16:22:35,572 INFO: PipelineThread starting for: C:\Users\cho\AppData\Local\Temp\_MEI123642\run_auto_pipeline.py

--- END MERGED FROM _MEI123642 ---
MODULE STARTED: 2025-11-07 12:25:45

--- BEGIN MERGED FROM _MEI123642 ---
2025-11-02 16:22:35,572 INFO: PipelineThread starting for: C:\Users\cho\AppData\Local\Temp\_MEI123642\run_auto_pipeline.py

--- END MERGED FROM _MEI123642 ---

--- BEGIN MERGED FROM _MEI123642 ---
2025-11-02 16:22:35,572 INFO: PipelineThread starting for: C:\Users\cho\AppData\Local\Temp\_MEI123642\run_auto_pipeline.py

--- END MERGED FROM _MEI123642 ---
MODULE STARTED: 2025-11-07 12:27:23

--- BEGIN MERGED FROM _MEI123642 ---
2025-11-02 16:22:35,572 INFO: PipelineThread starting for: C:\Users\cho\AppData\Local\Temp\_MEI123642\run_auto_pipeline.py

--- END MERGED FROM _MEI123642 ---

--- BEGIN MERGED FROM _MEI123642 ---
2025-11-02 16:22:35,572 INFO: PipelineThread starting for: C:\Users\cho\AppData\Local\Temp\_MEI123642\run_auto_pipeline.py

--- END MERGED FROM _MEI123642 ---
MODULE STARTED: 2025-11-07 12:28:05

--- BEGIN MERGED FROM _MEI123642 ---
2025-11-02 16:22:35,572 INFO: PipelineThread starting for: C:\Users\cho\AppData\Local\Temp\_MEI123642\run_auto_pipeline.py

--- END MERGED FROM _MEI123642 ---

--- BEGIN MERGED FROM _MEI123642 ---
2025-11-02 16:22:35,572 INFO: PipelineThread starting for: C:\Users\cho\AppData\Local\Temp\_MEI123642\run_auto_pipeline.py

--- END MERGED FROM _MEI123642 ---
